[1] OK rendernet
[2] OK roamaround
[3] OK sourcetable
[4] OK thinkdiffusion
[5] OK timeos
[6] OK udio
[7] OK videoleap
[8] OK voila
[9] OK vsub
[10] OK whacka
[11] OK youmind
[12] OK zepic
[13] OK anyword
[14] OK argil
[15] OK autodraft
[16] OK boomy
[17] OK browse ai
[18] OK captions
[19] OK codegeex
[20] OK descript
[21] OK diffusionbee
[22] OK flot ai
[23] OK pixelicious
[24] OK thumbnailcreator
[25] OK unriddle
[26] OK writingmate
[27] OK activecampaign ai
[28] OK airbrush
[29] OK arcwise ai
[30] OK backlinkgpt
[31] OK brandblast
[32] OK spellbook
[33] OK typeface
[34] OK bika ai
[35] OK call annie
rerun done: ok=35 fail=0 total=35
